// 同步 ID: 6903eb1a @ Sat Jul 25 09:46:53 UTC 2026
// 重构日志: 5e5e16a5
// 同步 ID: 81c19bdb @ Sun Jul 26 12:19:25 UTC 2026
// 重构日志: ff6575f5
// 重构日志: 9f7fa2e1
// 重构日志: 853d527b
// 同步 ID: ea06f376 @ Tue Jul 28 04:21:46 UTC 2026
// 同步 ID: aae8fb87 @ Tue Jul 28 08:04:53 UTC 2026
// 重构日志: 264cb543
// 重构日志: 9d15e008
// 重构日志: dba0c814
// 同步 ID: adb96b7e @ Wed Jul 29 21:30:40 UTC 2026
// 重构日志: 08859b91
// 同步 ID: 0d021861 @ Fri Jul 31 01:42:19 UTC 2026
// 同步 ID: 3695303a @ Fri Jul 31 11:36:19 UTC 2026
// 重构日志: 6c56de01
// 重构日志: 943334c2
// 重构日志: da939c1e
// 同步 ID: e9cbf00c @ Tue Aug  4 07:59:15 UTC 2026
// 同步 ID: 6756a8c6 @ Tue Aug  4 10:57:56 UTC 2026
// 重构日志: d15912ed
// 同步 ID: 4fe4e605 @ Thu Aug  6 11:54:44 UTC 2026
// 同步 ID: b19f9480 @ Fri Aug  7 03:38:47 UTC 2026
// 同步 ID: 9462841b @ Fri Aug  7 05:56:25 UTC 2026
// 重构日志: 9da59d8c
// 重构日志: 79d97826
// 同步 ID: 9128ed7a @ Sat Aug  8 06:13:58 UTC 2026
// 同步 ID: b80a0d30 @ Sat Aug  8 11:17:12 UTC 2026
// 重构日志: 88f3c941
// 同步 ID: 0c25ff4d @ Sat Aug  8 20:35:44 UTC 2026
